var output = ["SCPOS version 6.3.43-51-5318.1-nfs (scp@scipnet.anomalydomain) (gcc LLVM version 7.3.0 (clang-703.0.31)) #1 SMP Wed Mar 9 19:33:57 JST 2016",
	"Command line: raid=noautodetect rootdelay=5 root=/dev/nfs nfsroot=130.153.178.221:/export/SCPOS/scpos7,intr ip=dhcp rd_NO_LUKS rd_NO_MD crashkernel=128M  KEYBOARDTYPE=pc KEYTABLE=jp106 LANG=ja_JP.UTF-8 rd_NO_LVM rd_NO_DM nouveau.modeset=0 rd.driver ip=192.168.22.1:255.255.255.0 BOOT_IMAGE=scpos/boot/vmlinuz ",
	"KERNEL supported cpus:",
	"  SCPF Anomaly#S#CPU",
	"  Intel GenuineIntel",
	"  AMD AuthenticAMD",
	"  Centaur CentaurHauls",
	"BIOS-provided physical RAM map:",
	" BIOS-e820: 0000000000000000 - 000000000009d800 (usable)",
	" BIOS-e820: 000000000009d800 - 00000000000a0000 (reserved)",
	" BIOS-e820: 00000000000e0000 - 0000000000100000 (reserved)",
	" BIOS-e820: 0000000000100000 - 0000000020000000 (usable)",
	" BIOS-e820: 0000000020000000 - 0000000020200000 (reserved)",
	" BIOS-e820: 0000000020200000 - 0000000040004000 (usable)",
	" BIOS-e820: 0000000040004000 - 0000000040005000 (reserved)",
	" BIOS-e820: 0000000040005000 - 00000000d1de7000 (usable)",
	" BIOS-e820: 00000000d1de7000 - 00000000d1e2a000 (ACPI NVS)",
	" BIOS-e820: 00000000d1e2a000 - 00000000d6f0a000 (usable)",
	" BIOS-e820: 00000000d6f0a000 - 00000000d7000000 (reserved)",
	" BIOS-e820: 00000000d7000000 - 00000000d7756000 (usable)",
	" BIOS-e820: 00000000d7756000 - 00000000d7800000 (reserved)",
	" BIOS-e820: 00000000d7800000 - 00000000d7fb4000 (usable)",
	" BIOS-e820: 00000000d7fb4000 - 00000000d8000000 (ACPI data)",
	" BIOS-e820: 00000000d8000000 - 00000000d971f000 (usable)",
	" BIOS-e820: 00000000d971f000 - 00000000d9800000 (ACPI NVS)",
	" BIOS-e820: 00000000d9800000 - 00000000dae02000 (usable)",
	" BIOS-e820: 00000000dae02000 - 00000000dfa00000 (reserved)",
	" BIOS-e820: 00000000f8000000 - 00000000fc000000 (reserved)",
	" BIOS-e820: 00000000fec00000 - 00000000fec01000 (reserved)",
	" BIOS-e820: 00000000fed00000 - 00000000fed04000 (reserved)",
	" BIOS-e820: 00000000fed1c000 - 00000000fed20000 (reserved)",
	" BIOS-e820: 00000000fee00000 - 00000000fee01000 (reserved)",
	" BIOS-e820: 00000000ff000000 - 0000000100000000 (reserved)",
	" BIOS-e820: 0000000100000000 - 000000041e600000 (usable)",
	"DMI 2.7 present.",
	"SMBIOS version 2.7 @ 0xF04C0",
	"DMI: Dell Inc. OptiPlex 7010/0MN1TX, BIOS A15 08/12/2013",
	"e820 update range: 0000000000000000 - 0000000000001000 (usable) ==> (reserved)",
	"e820 remove range: 00000000000a0000 - 0000000000100000 (usable)",
	"No AGP bridge found",
	"last_pfn = 0x41e600 max_arch_pfn = 0x400000000",
	"x86 PAT enabled: cpu 0, old 0x7040600070406, new 0x7010600070106",
	"original variable MTRRs",
	"reg 0, base: 0GB, range: 16GB, type WB",
	"reg 1, base: 16GB, range: 512MB, type WB",
	"reg 2, base: 3584MB, range: 512MB, type UC",
	"reg 3, base: 3520MB, range: 64MB, type UC",
	"reg 4, base: 3512MB, range: 8MB, type UC",
	"reg 5, base: 16880MB, range: 16MB, type UC",
	"reg 6, base: 16872MB, range: 8MB, type UC",
	"reg 7, base: 16870MB, range: 2MB, type UC",
	"total RAM covered: 16286M",
	" gran_size: 64K 	chunk_size: 64K 	num_reg: 10  	lose cover RAM: 230M",
	" gran_size: 64K 	chunk_size: 128K 	num_reg: 10  	lose cover RAM: 230M",
	" gran_size: 64K 	chunk_size: 256K 	num_reg: 10  	lose cover RAM: 230M",
	" gran_size: 64K 	chunk_size: 512K 	num_reg: 10  	lose cover RAM: 230M",
	" gran_size: 64K 	chunk_size: 1M 	num_reg: 10  	lose cover RAM: 230M",
	" gran_size: 64K 	chunk_size: 2M 	num_reg: 10  	lose cover RAM: 230M",
	" gran_size: 64K 	chunk_size: 4M 	num_reg: 10  	lose cover RAM: 230M",
	" gran_size: 64K 	chunk_size: 8M 	num_reg: 10  	lose cover RAM: 230M",
	" gran_size: 64K 	chunk_size: 16M 	num_reg: 10  	lose cover RAM: 102M",
	"*BAD*gran_size: 64K 	chunk_size: 32M 	num_reg: 10  	lose cover RAM: -24M",
	"*BAD*gran_size: 64K 	chunk_size: 64M 	num_reg: 10  	lose cover RAM: -24M",
	"*BAD*gran_size: 64K 	chunk_size: 128M 	num_reg: 10  	lose cover RAM: -16M",
	"*BAD*gran_size: 64K 	chunk_size: 256M 	num_reg: 10  	lose cover RAM: -16M",
	"*BAD*gran_size: 64K 	chunk_size: 512M 	num_reg: 10  	lose cover RAM: -16M",
	"*BAD*gran_size: 64K 	chunk_size: 1G 	num_reg: 10  	lose cover RAM: -512M",
	"*BAD*gran_size: 64K 	chunk_size: 2G 	num_reg: 10  	lose cover RAM: -1536M",
	" gran_size: 128K 	chunk_size: 128K 	num_reg: 10  	lose cover RAM: 230M",
	" gran_size: 128K 	chunk_size: 256K 	num_reg: 10  	lose cover RAM: 230M",
	" gran_size: 128K 	chunk_size: 512K 	num_reg: 10  	lose cover RAM: 230M",
	" gran_size: 128K 	chunk_size: 1M 	num_reg: 10  	lose cover RAM: 230M",
	" gran_size: 128K 	chunk_size: 2M 	num_reg: 10  	lose cover RAM: 230M",
	" gran_size: 128K 	chunk_size: 4M 	num_reg: 10  	lose cover RAM: 230M",
	" gran_size: 128K 	chunk_size: 8M 	num_reg: 10  	lose cover RAM: 230M",
	" gran_size: 128K 	chunk_size: 16M 	num_reg: 10  	lose cover RAM: 102M",
	"*BAD*gran_size: 128K 	chunk_size: 32M 	num_reg: 10  	lose cover RAM: -24M",
	"*BAD*gran_size: 128K 	chunk_size: 64M 	num_reg: 10  	lose cover RAM: -24M",
	"*BAD*gran_size: 128K 	chunk_size: 128M 	num_reg: 10  	lose cover RAM: -16M",
	"*BAD*gran_size: 128K 	chunk_size: 256M 	num_reg: 10  	lose cover RAM: -16M",
	"*BAD*gran_size: 128K 	chunk_size: 512M 	num_reg: 10  	lose cover RAM: -16M",
	"*BAD*gran_size: 128K 	chunk_size: 1G 	num_reg: 10  	lose cover RAM: -512M",
	"*BAD*gran_size: 128K 	chunk_size: 2G 	num_reg: 10  	lose cover RAM: -1536M",
	" gran_size: 256K 	chunk_size: 256K 	num_reg: 10  	lose cover RAM: 230M",
	" gran_size: 256K 	chunk_size: 512K 	num_reg: 10  	lose cover RAM: 230M",
	" gran_size: 256K 	chunk_size: 1M 	num_reg: 10  	lose cover RAM: 230M",
	" gran_size: 256K 	chunk_size: 2M 	num_reg: 10  	lose cover RAM: 230M",
	" gran_size: 256K 	chunk_size: 4M 	num_reg: 10  	lose cover RAM: 230M",
	" gran_size: 256K 	chunk_size: 8M 	num_reg: 10  	lose cover RAM: 230M",
	" gran_size: 256K 	chunk_size: 16M 	num_reg: 10  	lose cover RAM: 102M",
	"*BAD*gran_size: 256K 	chunk_size: 32M 	num_reg: 10  	lose cover RAM: -24M",
	"*BAD*gran_size: 256K 	chunk_size: 64M 	num_reg: 10  	lose cover RAM: -24M",
	"*BAD*gran_size: 256K 	chunk_size: 128M 	num_reg: 10  	lose cover RAM: -16M",
	"*BAD*gran_size: 256K 	chunk_size: 256M 	num_reg: 10  	lose cover RAM: -16M",
	"*BAD*gran_size: 256K 	chunk_size: 512M 	num_reg: 10  	lose cover RAM: -16M",
	"*BAD*gran_size: 256K 	chunk_size: 1G 	num_reg: 10  	lose cover RAM: -512M",
	"*BAD*gran_size: 256K 	chunk_size: 2G 	num_reg: 10  	lose cover RAM: -1536M",
	" gran_size: 512K 	chunk_size: 512K 	num_reg: 10  	lose cover RAM: 230M",
	" gran_size: 512K 	chunk_size: 1M 	num_reg: 10  	lose cover RAM: 230M",
	" gran_size: 512K 	chunk_size: 2M 	num_reg: 10  	lose cover RAM: 230M",
	" gran_size: 512K 	chunk_size: 4M 	num_reg: 10  	lose cover RAM: 230M",
	" gran_size: 512K 	chunk_size: 8M 	num_reg: 10  	lose cover RAM: 230M",
	" gran_size: 512K 	chunk_size: 16M 	num_reg: 10  	lose cover RAM: 102M",
	"*BAD*gran_size: 512K 	chunk_size: 32M 	num_reg: 10  	lose cover RAM: -24M",
	"*BAD*gran_size: 512K 	chunk_size: 64M 	num_reg: 10  	lose cover RAM: -24M",
	"*BAD*gran_size: 512K 	chunk_size: 128M 	num_reg: 10  	lose cover RAM: -16M",
	"*BAD*gran_size: 512K 	chunk_size: 256M 	num_reg: 10  	lose cover RAM: -16M",
	"*BAD*gran_size: 512K 	chunk_size: 512M 	num_reg: 10  	lose cover RAM: -16M",
	"*BAD*gran_size: 512K 	chunk_size: 1G 	num_reg: 10  	lose cover RAM: -512M",
	"*BAD*gran_size: 512K 	chunk_size: 2G 	num_reg: 10  	lose cover RAM: -1536M",
	" gran_size: 1M 	chunk_size: 1M 	num_reg: 10  	lose cover RAM: 230M",
	" gran_size: 1M 	chunk_size: 2M 	num_reg: 10  	lose cover RAM: 230M",
	" gran_size: 1M 	chunk_size: 4M 	num_reg: 10  	lose cover RAM: 230M",
	" gran_size: 1M 	chunk_size: 8M 	num_reg: 10  	lose cover RAM: 230M",
	" gran_size: 1M 	chunk_size: 16M 	num_reg: 10  	lose cover RAM: 102M",
	"*BAD*gran_size: 1M 	chunk_size: 32M 	num_reg: 10  	lose cover RAM: -24M",
	"*BAD*gran_size: 1M 	chunk_size: 64M 	num_reg: 10  	lose cover RAM: -24M",
	"*BAD*gran_size: 1M 	chunk_size: 128M 	num_reg: 10  	lose cover RAM: -16M",
	"*BAD*gran_size: 1M 	chunk_size: 256M 	num_reg: 10  	lose cover RAM: -16M",
	"*BAD*gran_size: 1M 	chunk_size: 512M 	num_reg: 10  	lose cover RAM: -16M",
	"*BAD*gran_size: 1M 	chunk_size: 1G 	num_reg: 10  	lose cover RAM: -512M",
	"*BAD*gran_size: 1M 	chunk_size: 2G 	num_reg: 10  	lose cover RAM: -1536M",
	" gran_size: 2M 	chunk_size: 2M 	num_reg: 10  	lose cover RAM: 230M",
	" gran_size: 2M 	chunk_size: 4M 	num_reg: 10  	lose cover RAM: 230M",
	" gran_size: 2M 	chunk_size: 8M 	num_reg: 10  	lose cover RAM: 230M",
	" gran_size: 2M 	chunk_size: 16M 	num_reg: 10  	lose cover RAM: 102M",
	"*BAD*gran_size: 2M 	chunk_size: 32M 	num_reg: 10  	lose cover RAM: -24M",
	"*BAD*gran_size: 2M 	chunk_size: 64M 	num_reg: 10  	lose cover RAM: -24M",
	"*BAD*gran_size: 2M 	chunk_size: 128M 	num_reg: 10  	lose cover RAM: -16M",
	"*BAD*gran_size: 2M 	chunk_size: 256M 	num_reg: 10  	lose cover RAM: -16M",
	"*BAD*gran_size: 2M 	chunk_size: 512M 	num_reg: 10  	lose cover RAM: -16M",
	"*BAD*gran_size: 2M 	chunk_size: 1G 	num_reg: 10  	lose cover RAM: -512M",
	"*BAD*gran_size: 2M 	chunk_size: 2G 	num_reg: 10  	lose cover RAM: -1536M",
	" gran_size: 4M 	chunk_size: 4M 	num_reg: 10  	lose cover RAM: 230M",
	" gran_size: 4M 	chunk_size: 8M 	num_reg: 10  	lose cover RAM: 230M",
	" gran_size: 4M 	chunk_size: 16M 	num_reg: 10  	lose cover RAM: 102M",
	"*BAD*gran_size: 4M 	chunk_size: 32M 	num_reg: 10  	lose cover RAM: -22M",
	"*BAD*gran_size: 4M 	chunk_size: 64M 	num_reg: 10  	lose cover RAM: -22M",
	"*BAD*gran_size: 4M 	chunk_size: 128M 	num_reg: 10  	lose cover RAM: -14M",
	"*BAD*gran_size: 4M 	chunk_size: 256M 	num_reg: 10  	lose cover RAM: -14M",
	"*BAD*gran_size: 4M 	chunk_size: 512M 	num_reg: 10  	lose cover RAM: -14M",
	"*BAD*gran_size: 4M 	chunk_size: 1G 	num_reg: 10  	lose cover RAM: -510M",
	"*BAD*gran_size: 4M 	chunk_size: 2G 	num_reg: 10  	lose cover RAM: -1534M",
	" gran_size: 8M 	chunk_size: 8M 	num_reg: 10  	lose cover RAM: 230M",
	" gran_size: 8M 	chunk_size: 16M 	num_reg: 10  	lose cover RAM: 102M",
	" gran_size: 8M 	chunk_size: 32M 	num_reg: 10  	lose cover RAM: 102M",
	" gran_size: 8M 	chunk_size: 64M 	num_reg: 10  	lose cover RAM: 6M",
	" gran_size: 8M 	chunk_size: 128M 	num_reg: 9  	lose cover RAM: 6M",
	" gran_size: 8M 	chunk_size: 256M 	num_reg: 9  	lose cover RAM: 6M",
	" gran_size: 8M 	chunk_size: 512M 	num_reg: 9  	lose cover RAM: 6M",
	" gran_size: 8M 	chunk_size: 1G 	num_reg: 9  	lose cover RAM: 6M",
	" gran_size: 8M 	chunk_size: 2G 	num_reg: 10  	lose cover RAM: 6M",
	" gran_size: 16M 	chunk_size: 16M 	num_reg: 10  	lose cover RAM: 110M",
	" gran_size: 16M 	chunk_size: 32M 	num_reg: 10  	lose cover RAM: 110M",
	" gran_size: 16M 	chunk_size: 64M 	num_reg: 10  	lose cover RAM: 14M",
	" gran_size: 16M 	chunk_size: 128M 	num_reg: 9  	lose cover RAM: 14M",
	" gran_size: 16M 	chunk_size: 256M 	num_reg: 9  	lose cover RAM: 14M",
	" gran_size: 16M 	chunk_size: 512M 	num_reg: 9  	lose cover RAM: 14M",
	" gran_size: 16M 	chunk_size: 1G 	num_reg: 9  	lose cover RAM: 14M",
	" gran_size: 16M 	chunk_size: 2G 	num_reg: 10  	lose cover RAM: 14M",
	" gran_size: 32M 	chunk_size: 32M 	num_reg: 10  	lose cover RAM: 62M",
	" gran_size: 32M 	chunk_size: 64M 	num_reg: 10  	lose cover RAM: 30M",
	" gran_size: 32M 	chunk_size: 128M 	num_reg: 9  	lose cover RAM: 30M",
	" gran_size: 32M 	chunk_size: 256M 	num_reg: 9  	lose cover RAM: 30M",
	" gran_size: 32M 	chunk_size: 512M 	num_reg: 9  	lose cover RAM: 30M",
	" gran_size: 32M 	chunk_size: 1G 	num_reg: 9  	lose cover RAM: 30M",
	" gran_size: 32M 	chunk_size: 2G 	num_reg: 10  	lose cover RAM: 30M",
	" gran_size: 64M 	chunk_size: 64M 	num_reg: 9  	lose cover RAM: 94M",
	" gran_size: 64M 	chunk_size: 128M 	num_reg: 8  	lose cover RAM: 94M",
	" gran_size: 64M 	chunk_size: 256M 	num_reg: 8  	lose cover RAM: 94M",
	" gran_size: 64M 	chunk_size: 512M 	num_reg: 8  	lose cover RAM: 94M",
	" gran_size: 64M 	chunk_size: 1G 	num_reg: 8  	lose cover RAM: 94M",
	" gran_size: 64M 	chunk_size: 2G 	num_reg: 9  	lose cover RAM: 94M",
	" gran_size: 128M 	chunk_size: 128M 	num_reg: 8  	lose cover RAM: 158M",
	" gran_size: 128M 	chunk_size: 256M 	num_reg: 8  	lose cover RAM: 158M",
	" gran_size: 128M 	chunk_size: 512M 	num_reg: 8  	lose cover RAM: 158M",
	" gran_size: 128M 	chunk_size: 1G 	num_reg: 8  	lose cover RAM: 158M",
	" gran_size: 128M 	chunk_size: 2G 	num_reg: 9  	lose cover RAM: 158M",
	" gran_size: 256M 	chunk_size: 256M 	num_reg: 6  	lose cover RAM: 414M",
	" gran_size: 256M 	chunk_size: 512M 	num_reg: 8  	lose cover RAM: 414M",
	" gran_size: 256M 	chunk_size: 1G 	num_reg: 8  	lose cover RAM: 414M",
	" gran_size: 256M 	chunk_size: 2G 	num_reg: 9  	lose cover RAM: 414M",
	" gran_size: 512M 	chunk_size: 512M 	num_reg: 4  	lose cover RAM: 926M",
	" gran_size: 512M 	chunk_size: 1G 	num_reg: 4  	lose cover RAM: 926M",
	" gran_size: 512M 	chunk_size: 2G 	num_reg: 4  	lose cover RAM: 926M",
	" gran_size: 1G 	chunk_size: 1G 	num_reg: 4  	lose cover RAM: 926M",
	" gran_size: 1G 	chunk_size: 2G 	num_reg: 4  	lose cover RAM: 926M",
	" gran_size: 2G 	chunk_size: 2G 	num_reg: 3  	lose cover RAM: 1950M",
	"mtrr_cleanup: can not find optimal value",
	"please specify mtrr_gran_size/mtrr_chunk_size",
	"e820 update range: 00000000db800000 - 0000000100000000 (usable) ==> (reserved)",
	"last_pfn = 0xdae02 max_arch_pfn = 0x400000000",
	"initial memory mapped : 0 - 20000000",
	"init_memory_mapping: 0000000000000000-00000000dae02000",
	" 0000000000 - 00dae00000 page 2M",
	" 00dae00000 - 00dae02000 page 4k",
	"kernel direct mapping tables up to dae02000 @ 8000-e000",
	"Use unified mapping for non-reserved e820 regions.",
	"init_memory_mapping: 0000000100000000-000000041e600000",
	" 0100000000 - 041e600000 page 2M",
	"kernel direct mapping tables up to 41e600000 @ c000-1a000",
	"ACPI: Deleted _OSI()",
	"ACPI: Deleted _OSI()",
	"ACPI: RSDP 00000000000f0490 00024 (v02 DELL  )",
	"ACPI: XSDT 00000000d7ff4080 0007C (v01 DELL    CBX3    01072009 AMI  00010013)",
	"ACPI: FACP 00000000d7ffdb58 0010C (v05 DELL    CBX3    01072009 AMI  00010013)",
	"ACPI Warning: FADT (revision 5) is longer than ACPI 2.0 version, truncating length 268 to 244 (20090903/tbfadt-288)",
	"ACPI: DSDT 00000000d7ff4188 099CB (v02 DELL    CBX3    00000022 INTL 20091112)",
	"ACPI: FACS 00000000d97fe080 00040",
	"ACPI: APIC 00000000d7ffdc68 00092 (v03 DELL    CBX3    01072009 AMI  00010013)",
	"ACPI: FPDT 00000000d7ffdd00 00044 (v01 DELL    CBX3    01072009 AMI  00010013)",
	"ACPI: MCFG 00000000d7ffdd48 0003C (v01 DELL    CBX3    01072009 MSFT 00000097)",
	"ACPI: HPET 00000000d7ffdd88 00038 (v01 DELL    CBX3    01072009 AMI. 00000005)",
	"ACPI: SSDT 00000000d7ffddc0 00415 (v01 SataRe SataTabl 00001000 INTL 20091112)",
	"ACPI: SSDT 00000000d7ffe1d8 009B9 (v01  PmRef  Cpu0Ist 00003000 INTL 20051117)",
	"ACPI: SSDT 00000000d7ffeb98 00B22 (v01  PmRef    CpuPm 00003000 INTL 20051117)",
	"ACPI: DMAR 00000000d7fff6c0 000B8 (v01 INTEL      SNB  00000001 INTL 00000001)",
	"ACPI: ASF! 00000000d7fff778 000A5 (v32 INTEL       HCG 00000001 TFSM 000F4240)",
	"ACPI: SLIC 00000000d7fff820 00176 (v03 DELL    CBX3    01072009 MSFT 00010013)",
	"ACPI: Local APIC address 0xfee00000",
	"Setting APIC routing to flat.",
	"No NUMA configuration found",
	"Faking a node at 0000000000000000-000000041e600000",
	"Bootmem setup node 0 0000000000000000-000000041e600000",
	"  NODE_DATA [0000000000019000 - 000000000004cfff]",
	"  bootmap [0000000000100000 -  0000000000183cbf] pages 84",
	"(7 early reservations) ==> bootmem [0000000000 - 041e600000]",
	"  #0 [0000000000 - 0000001000]   BIOS data page ==> [0000000000 - 0000001000]",
	"  #1 [0000006000 - 0000008000]       TRAMPOLINE ==> [0000006000 - 0000008000]",
	"  #2 [0001000000 - 000205c7a4]    TEXT DATA BSS ==> [0001000000 - 000205c7a4]",
	"  #3 [000009d400 - 0000100000]    BIOS reserved ==> [000009d400 - 0000100000]",
	"  #4 [000205d000 - 000205d439]              BRK ==> [000205d000 - 000205d439]",
	"  #5 [0000008000 - 000000c000]          PGTABLE ==> [0000008000 - 000000c000]",
	"  #6 [000000c000 - 0000019000]          PGTABLE ==> [000000c000 - 0000019000]",
	"found SMP MP-table at [ffff8800000fd910] fd910",
	"Reserving 128MB of memory at 48MB for crashkernel (System RAM: 16870MB)",
	" [ffffea0000000000-ffffea000e7fffff] PMD -> [ffff88002c600000-ffff88003a7fffff] on node 0",
	"Zone PFN ranges:",
	"  DMA      0x00000001 -> 0x00001000",
	"  DMA32    0x00001000 -> 0x00100000",
	"  Normal   0x00100000 -> 0x0041e600",
	"Movable zone start PFN for each node",
	"early_node_map[10] active PFN ranges",
	"    0: 0x00000001 -> 0x0000009d",
	"    0: 0x00000100 -> 0x00020000",
	"    0: 0x00020200 -> 0x00040004",
	"    0: 0x00040005 -> 0x000d1de7",
	"    0: 0x000d1e2a -> 0x000d6f0a",
	"    0: 0x000d7000 -> 0x000d7756",
	"    0: 0x000d7800 -> 0x000d7fb4",
	"    0: 0x000d8000 -> 0x000d971f",
	"    0: 0x000d9800 -> 0x000dae02",
	"    0: 0x00100000 -> 0x0041e600",
	"On node 0 totalpages: 4165261",
	"  DMA zone: 56 pages used for memmap",
	"  DMA zone: 118 pages reserved",
	"  DMA zone: 3822 pages, LIFO batch:0",
	"  DMA32 zone: 14280 pages used for memmap",
	"  DMA32 zone: 876841 pages, LIFO batch:31",
	"  Normal zone: 44709 pages used for memmap",
	"  Normal zone: 3225435 pages, LIFO batch:31",
	"Reserving Intel graphics stolen memory at 0xdba00000-0xdf9fffff",
	"ACPI: PM-Timer IO Port: 0x408",
	"ACPI: Local APIC address 0xfee00000",
	"Setting APIC routing to flat.",
	"ACPI: LAPIC (acpi_id[0x01] lapic_id[0x00] enabled)",
	"ACPI: LAPIC (acpi_id[0x02] lapic_id[0x02] enabled)",
	"ACPI: LAPIC (acpi_id[0x03] lapic_id[0x04] enabled)",
	"ACPI: LAPIC (acpi_id[0x04] lapic_id[0x06] enabled)",
	"ACPI: LAPIC (acpi_id[0x05] lapic_id[0x01] enabled)",
	"ACPI: LAPIC (acpi_id[0x06] lapic_id[0x03] enabled)",
	"ACPI: LAPIC (acpi_id[0x07] lapic_id[0x05] enabled)",
	"ACPI: LAPIC (acpi_id[0x08] lapic_id[0x07] enabled)",
	"ACPI: LAPIC_NMI (acpi_id[0xff] high edge lint[0x1])",
	"ACPI: IOAPIC (id[0x02] address[0xfec00000] gsi_base[0])",
	"IOAPIC[0]: apic_id 2, version 32, address 0xfec00000, GSI 0-23",
	"ACPI: INT_SRC_OVR (bus 0 bus_irq 0 global_irq 2 dfl dfl)",
	"ACPI: INT_SRC_OVR (bus 0 bus_irq 9 global_irq 9 high level)",
	"ACPI: IRQ0 used by override.",
	"ACPI: IRQ2 used by override.",
	"ACPI: IRQ9 used by override.",
	"Using ACPI (MADT) for SMP configuration information",
	"ACPI: HPET id: 0x8086a701 base: 0xfed00000",
	"SMP: Allowing 8 CPUs, 0 hotplug CPUs",
	"nr_irqs_gsi: 24",
	"PM: Registered nosave memory: 000000000009d000 - 000000000009e000",
	"PM: Registered nosave memory: 000000000009e000 - 00000000000a0000",
	"PM: Registered nosave memory: 00000000000a0000 - 00000000000e0000",
	"PM: Registered nosave memory: 00000000000e0000 - 0000000000100000",
	"PM: Registered nosave memory: 0000000020000000 - 0000000020200000",
	"PM: Registered nosave memory: 0000000040004000 - 0000000040005000",
	"PM: Registered nosave memory: 00000000d1de7000 - 00000000d1e2a000",
	"PM: Registered nosave memory: 00000000d6f0a000 - 00000000d7000000",
	"PM: Registered nosave memory: 00000000d7756000 - 00000000d7800000",
	"PM: Registered nosave memory: 00000000d7fb4000 - 00000000d8000000",
	"PM: Registered nosave memory: 00000000d971f000 - 00000000d9800000",
	"PM: Registered nosave memory: 00000000dae02000 - 00000000dfa00000",
	"PM: Registered nosave memory: 00000000dfa00000 - 00000000f8000000",
	"PM: Registered nosave memory: 00000000f8000000 - 00000000fc000000",
	"PM: Registered nosave memory: 00000000fc000000 - 00000000fec00000",
	"PM: Registered nosave memory: 00000000fec00000 - 00000000fec01000",
	"PM: Registered nosave memory: 00000000fec01000 - 00000000fed00000",
	"PM: Registered nosave memory: 00000000fed00000 - 00000000fed04000",
	"PM: Registered nosave memory: 00000000fed04000 - 00000000fed1c000",
	"PM: Registered nosave memory: 00000000fed1c000 - 00000000fed20000",
	"PM: Registered nosave memory: 00000000fed20000 - 00000000fee00000",
	"PM: Registered nosave memory: 00000000fee00000 - 00000000fee01000",
	"PM: Registered nosave memory: 00000000fee01000 - 00000000ff000000",
	"PM: Registered nosave memory: 00000000ff000000 - 0000000100000000",
	"Allocating PCI resources starting at dfa00000 (gap: dfa00000:18600000)",
	"Booting paravirtualized kernel on bare hardware",
	"NR_CPUS:4096 nr_cpumask_bits:8 nr_cpu_ids:8 nr_node_ids:1",
	"PERCPU: Embedded 30 pages/cpu @ffff88002c200000 s91224 r8192 d23464 u262144",
	"pcpu-alloc: s91224 r8192 d23464 u262144 alloc=1*2097152",
	"pcpu-alloc: [0] 0 1 2 3 4 5 6 7 ",
	"Built 1 zonelists in Zone order, mobility grouping on.  Total pages: 4106098",
	"Policy zone: Normal",
	"Kernel command line: raid=noautodetect rootdelay=5 root=/dev/nfs nfsroot=130.153.178.221:/export/SCPOS/scpos7,intr ip=dhcp rd_NO_LUKS rd_NO_MD crashkernel=128M  KEYBOARDTYPE=pc KEYTABLE=jp106 LANG=ja_JP.UTF-8 rd_NO_LVM rd_NO_DM nouveau.modeset=0 rd.driver ip=.254:255.255.255.0 BOOT_IMAGE=scpos7/boot/vmlinuz ",
	"PID hash table entries: 4096 (order: 3, 32768 bytes)",
	"xsave/xrstor: enabled xstate_bv 0x7, cntxt size 0x340",
	"Checking aperture...",
	"No AGP bridge found",
	"dmar: Queued invalidation will be enabled to support x2apic and Intr-remapping.",
	"Memory: 16214204k/17274880k available (6099k kernel code, 613836k absent, 446840k reserved, 6354k data, 1348k init)",
	"Hierarchical RCU implementation.",
	"NR_IRQS:33024 nr_irqs:472",
	"Extended CMOS year: 2000",
	"Console: colour VGA+ 80x25",
	"console [tty0] enabled",
	"allocated 67108864 bytes of page_cgroup",
	"please try 'cgroup_disable=memory' option if you don't want memory cgroups",
	"hpet clockevent registered",
	"Fast TSC calibration using PIT",
	"Detected 3092.855 MHz processor.",
	"Calibrating delay loop (skipped), value calculated using timer frequency.. 6185.71 BogoMIPS (lpj=3092855)",
	"pid_max: default: 32768 minimum: 301",
	"Security Framework initialized",
	"SESCPOS:  Initializing.",
	"SESCPOS:  Starting in permissive mode",
	"Dentry cache hash table entries: 2097152 (order: 12, 16777216 bytes)",
	"Inode-cache hash table entries: 1048576 (order: 11, 8388608 bytes)",
	"Mount-cache hash table entries: 256",
	"Initializing cgroup subsys ns",
	"Initializing cgroup subsys cpuacct",
	"Initializing cgroup subsys memory",
	"Initializing cgroup subsys devices",
	"Initializing cgroup subsys freezer",
	"Initializing cgroup subsys net_cls",
	"Initializing cgroup subsys blkio",
	"Initializing cgroup subsys perf_event",
	"Initializing cgroup subsys net_prio",
	"CPU: Physical Processor ID: 0",
	"CPU: Processor Core ID: 0",
	"mce: CPU supports 9 MCE banks",
	"CPU0: Thermal monitoring enabled (TM1)",
	"using mwait in idle threads.",
	"ACPI: Core revision 20090903",
	"ftrace: converting mcount calls to 0f 1f 44 00 00",
	"ftrace: allocating 24713 entries in 97 pages",
	"dmar: Host address width 36",
	"dmar: DRHD base: 0x000000fed90000 flags: 0x0",
	"dmar: IOMMU 0: reg_base_addr fed90000 ver 1:0 cap c0000020e60262 ecap f0101a",
	"dmar: DRHD base: 0x000000fed91000 flags: 0x1",
	"dmar: IOMMU 1: reg_base_addr fed91000 ver 1:0 cap c9008020660262 ecap f0105a",
	"dmar: RMRR base: 0x000000daf78000 end: 0x000000daf9efff",
	"dmar: RMRR base: 0x000000db800000 end: 0x000000df9fffff",
	"dmar: No ATSR found",
	"IOAPIC id 2 under DRHD base 0xfed91000",
	"HPET id 0 under DRHD base 0xfed91000",
	"Enabled IRQ remapping in x2apic mode",
	"Enabling x2apic",
	"Enabled x2apic",
	"APIC routing finalized to cluster x2apic.",
	"  alloc irq_desc for 24 on node 0",
	"  alloc kstat_irqs on node 0",
	"  alloc irq_desc for 25 on node 0",
	"  alloc kstat_irqs on node 0",
	"alloc irq_2_iommu on node 0",
	"alloc irq_2_iommu on node 0",
	"alloc irq_2_iommu on node 0",
	"alloc irq_2_iommu on node 0",
	"alloc irq_2_iommu on node 0",
	"alloc irq_2_iommu on node 0",
	"alloc irq_2_iommu on node 0",
	"alloc irq_2_iommu on node 0",
	"alloc irq_2_iommu on node 0",
	"alloc irq_2_iommu on node 0",
	"alloc irq_2_iommu on node 0",
	"alloc irq_2_iommu on node 0",
	"alloc irq_2_iommu on node 0",
	"alloc irq_2_iommu on node 0",
	"alloc irq_2_iommu on node 0",
	"..TIMER: vector=0x30 apic1=0 pin1=2 apic2=-1 pin2=-1",
	"CPU0: Intel(R) Core(TM) i7-3770S CPU @ 3.10GHz stepping 09",
	"Performance Events: PEBS fmt1+, 16-deep LBR, IvyBridge events, full-width counters, Intel PMU driver.",
	"... version:                3",
	"... bit width:              48",
	"... generic registers:      4",
	"... value mask:             0000ffffffffffff",
	"... max period:             0000ffffffffffff",
	"... fixed-purpose events:   3",
	"... event mask:             000000070000000f",
	"NMI watchdog enabled, takes one hw-pmu counter.",
	"Booting Node   0, Processors  #1 #2 #3 #4 #5 #6 #7 Ok.",
	"Brought up 8 CPUs",
	"Total of 8 processors activated (49485.68 BogoMIPS).",
	"sizeof(vma)=200 bytes",
	"sizeof(page)=56 bytes",
	"sizeof(inode)=592 bytes",
	"sizeof(dentry)=192 bytes",
	"sizeof(ext3inode)=800 bytes",
	"sizeof(buffer_head)=104 bytes",
	"sizeof(skbuff)=232 bytes",
	"sizeof(task_struct)=2672 bytes",
	"devtmpfs: initialized",
	"PM: Registering ACPI NVS region at d1de7000 (274432 bytes)",
	"PM: Registering ACPI NVS region at d971f000 (921600 bytes)",
	"regulator: core version 0.5",
	"NET: Registered protocol family 16",
	"ACPI FADT declares the system doesn't support PCIe ASPM, so disable it",
	"ACPI: bus type pci registered",
	"PCI: MCFG configuration 0: base f8000000 segment 0 buses 0 - 63",
	"PCI: MCFG area at f8000000 reserved in E820",
	"PCI: Using MMCONFIG at f8000000 - fbffffff",
	"PCI: Using configuration type 1 for base access",
	"dmi type 0xB1 record - unknown flag",
	"bio: create slab <bio-0> at 0",
	"ACPI: EC: Look up EC in DSDT",
	"ACPI: Executed 1 blocks of module-level executable AML code",
	"ACPI: Interpreter enabled",
	"ACPI: (supports S0 S3 S4 S5)",
	"ACPI: Using IOAPIC for interrupt routing",
	"ACPI: No dock devices found.",
	"PCI: Using host bridge windows from ACPI; if necessary, use ”pci=nocrs” and report a bug",
	"ACPI: PCI Root Bridge [PCI0] (domain 0000 [bus 00-3e])",
	"pci_root PNP0A08:00: host bridge window [io  0x0000-0x0cf7]",
	"pci_root PNP0A08:00: host bridge window [io  0x0d00-0xffff]",
	"pci_root PNP0A08:00: host bridge window [mem 0x000a0000-0x000bffff]",
	"pci_root PNP0A08:00: host bridge window [mem 0x000d4000-0x000d7fff]",
	"pci_root PNP0A08:00: host bridge window [mem 0x000d8000-0x000dbfff]",
	"pci_root PNP0A08:00: host bridge window [mem 0x000dc000-0x000dffff]",
	"pci_root PNP0A08:00: host bridge window [mem 0x000e0000-0x000e3fff]",
	"pci_root PNP0A08:00: host bridge window [mem 0x000e4000-0x000e7fff]",
	"pci_root PNP0A08:00: host bridge window [mem 0xdfa00000-0xfeafffff]",
	"PCI host bridge to bus 0000:00",
	"pci_bus 0000:00: root bus resource [io  0x0000-0x0cf7]",
	"pci_bus 0000:00: root bus resource [io  0x0d00-0xffff]",
	"pci_bus 0000:00: root bus resource [mem 0x000a0000-0x000bffff]",
	"pci_bus 0000:00: root bus resource [mem 0x000d4000-0x000d7fff]",
	"pci_bus 0000:00: root bus resource [mem 0x000d8000-0x000dbfff]",
	"pci_bus 0000:00: root bus resource [mem 0x000dc000-0x000dffff]",
	"pci_bus 0000:00: root bus resource [mem 0x000e0000-0x000e3fff]",
	"pci_bus 0000:00: root bus resource [mem 0x000e4000-0x000e7fff]",
	"pci_bus 0000:00: root bus resource [mem 0xdfa00000-0xfeafffff]",
	"pci 0000:00:02.0: reg 10: [mem 0xf7800000-0xf7bfffff 64bit]",
	"pci 0000:00:02.0: reg 18: [mem 0xe0000000-0xefffffff 64bit pref]",
	"pci 0000:00:02.0: reg 20: [io  0xf000-0xf03f]",
	"pci 0000:00:14.0: reg 10: [mem 0xf7c20000-0xf7c2ffff 64bit]",
	"pci 0000:00:14.0: PME# supported from D3hot D3cold",
	"pci 0000:00:14.0: PME# disabled",
	"pci 0000:00:16.0: reg 10: [mem 0xf7c3c000-0xf7c3c00f 64bit]",
	"pci 0000:00:16.0: PME# supported from D0 D3hot D3cold",
	"pci 0000:00:16.0: PME# disabled",
	"pci 0000:00:19.0: reg 10: [mem 0xf7c00000-0xf7c1ffff]",
	"pci 0000:00:19.0: reg 14: [mem 0xf7c39000-0xf7c39fff]",
	"pci 0000:00:19.0: reg 18: [io  0xf080-0xf09f]",
	"pci 0000:00:19.0: PME# supported from D0 D3hot D3cold",
	"pci 0000:00:19.0: PME# disabled",
	"pci 0000:00:1a.0: reg 10: [mem 0xf7c38000-0xf7c383ff]",
	"pci 0000:00:1a.0: PME# supported from D0 D3hot D3cold",
	"pci 0000:00:1a.0: PME# disabled",
	"pci 0000:00:1b.0: reg 10: [mem 0xf7c30000-0xf7c33fff 64bit]",
	"pci 0000:00:1b.0: PME# supported from D0 D3hot D3cold",
	"pci 0000:00:1b.0: PME# disabled",
	"pci 0000:00:1d.0: reg 10: [mem 0xf7c37000-0xf7c373ff]",
	"pci 0000:00:1d.0: PME# supported from D0 D3hot D3cold",
	"pci 0000:00:1d.0: PME# disabled",
	"pci 0000:00:1f.2: reg 10: [io  0xf0d0-0xf0d7]",
	"pci 0000:00:1f.2: reg 14: [io  0xf0c0-0xf0c3]",
	"pci 0000:00:1f.2: reg 18: [io  0xf0b0-0xf0b7]",
	"pci 0000:00:1f.2: reg 1c: [io  0xf0a0-0xf0a3]",
	"pci 0000:00:1f.2: reg 20: [io  0xf060-0xf07f]",
	"pci 0000:00:1f.2: reg 24: [mem 0xf7c36000-0xf7c367ff]",
	"pci 0000:00:1f.2: PME# supported from D3hot",
	"pci 0000:00:1f.2: PME# disabled",
	"pci 0000:00:1f.3: reg 10: [mem 0xf7c35000-0xf7c350ff 64bit]",
	"pci 0000:00:1f.3: reg 20: [io  0xf040-0xf05f]",
	"ACPI: PCI Interrupt Routing Table [\_SB_.PCI0._PRT]",
	" pci0000:00: Requesting ACPI _OSC control (0x1d)",
	" pci0000:00: ACPI _OSC control (0x18) granted",
	"ACPI: PCI Interrupt Link [LNKA] (IRQs 3 4 5 6 10 *11 12 14 15)",
	"ACPI: PCI Interrupt Link [LNKB] (IRQs 3 4 5 6 10 11 12 14 15) *0, disabled.",
	"ACPI: PCI Interrupt Link [LNKC] (IRQs 3 4 5 6 *10 11 12 14 15)",
	"ACPI: PCI Interrupt Link [LNKD] (IRQs 3 4 5 6 *10 11 12 14 15)",
	"ACPI: PCI Interrupt Link [LNKE] (IRQs 3 4 *5 6 10 11 12 14 15)",
	"ACPI: PCI Interrupt Link [LNKF] (IRQs 3 4 5 6 10 11 12 14 15) *0, disabled.",
	"ACPI: PCI Interrupt Link [LNKG] (IRQs *3 4 5 6 10 11 12 14 15)",
	"ACPI: PCI Interrupt Link [LNKH] (IRQs 3 4 5 6 10 *11 12 14 15)",
	"vgaarb: device added: PCI:0000:00:02.0,decodes=io+mem,owns=io+mem,locks=none",
	"vgaarb: loaded",
	"vgaarb: bridge control possible 0000:00:02.0",
	"SCSI subsystem initialized",
	"libata version 3.00 loaded.",
	"usbcore: registered new interface driver usbfs",
	"usbcore: registered new interface driver hub",
	"usbcore: registered new device driver usb",
	"pps_core: SCPOSPPS API ver. 1 registered",
	"pps_core: Software ver. 5.3.6 - Copyright 2005-2007 Rodolfo Giometti <giometti@linux.it>",
	"PTP clock support registered",
	"PCI: Using ACPI for IRQ routing",
	"PCI: old code would have set cacheline size to 32 bytes, but clflush_size = 64",
	"PCI: pci_cache_line_size set to 64 bytes",
	"NetLabel: Initializing",
	"NetLabel:  domain hash size = 128",
	"NetLabel:  protocols = UNLABELED CIPSOv4",
	"NetLabel:  unlabeled traffic allowed by default",
	"  alloc irq_desc for 26 on node -1",
	"  alloc kstat_irqs on node -1",
	"alloc irq_2_iommu on node -1",
	"  alloc irq_desc for 27 on node -1",
	"  alloc kstat_irqs on node -1",
	"alloc irq_2_iommu on node -1",
	"  alloc irq_desc for 28 on node -1",
	"  alloc kstat_irqs on node -1",
	"alloc irq_2_iommu on node -1",
	"  alloc irq_desc for 29 on node -1",
	"  alloc kstat_irqs on node -1",
	"alloc irq_2_iommu on node -1",
	"  alloc irq_desc for 30 on node -1",
	"  alloc kstat_irqs on node -1",
	"alloc irq_2_iommu on node -1",
	"HPET: 8 timers in total, 5 timers will be used for per-cpu timer",
	"hpet0: at MMIO 0xfed00000, IRQs 2, 8, 26, 27, 28, 29, 30, 0",
	"hpet0: 8 comparators, 64-bit 14.318180 MHz counter",
	"hpet: hpet2 irq 26 for MSI",
	"hpet: hpet3 irq 27 for MSI",
	"hpet: hpet4 irq 28 for MSI",
	"hpet: hpet5 irq 29 for MSI",
	"hpet: hpet6 irq 30 for MSI",
	"Switching to clocksource hpet",
	"pnp: PnP ACPI init",
	"ACPI: bus type pnp registered",
	"pnp 00:00: [io  0x0cf8-0x0cff]",
	"pnp 00:00: Plug and Play ACPI device, IDs PNP0a08 PNP0a03 (active)",
	"pnp 00:01: [mem 0xfed40000-0xfed44fff]",
	"pnp 00:01: Plug and Play ACPI device, IDs PNP0c01 (active)",
	"pnp 00:02: [io  0x0000-0x001f]",
	"pnp 00:02: [io  0x0081-0x0091]",
	"pnp 00:02: [io  0x0093-0x009f]",
	"pnp 00:02: [io  0x00c0-0x00df]",
	"pnp 00:02: [dma 4]",
	"pnp 00:02: Plug and Play ACPI device, IDs PNP0200 (active)",
	"pnp 00:03: [mem 0xff000000-0xffffffff]",
	"pnp 00:03: Plug and Play ACPI device, IDs INT0800 (active)",
	"pnp 00:04: [mem 0xfed00000-0xfed003ff]",
	"pnp 00:04: Plug and Play ACPI device, IDs PNP0103 (active)",
	"pnp 00:05: [io  0x002e-0x002f]",
	"pnp 00:05: [io  0x004e-0x004f]",
	"pnp 00:05: [io  0x0061]",
	"pnp 00:05: [io  0x0063]",
	"pnp 00:05: [io  0x0065]",
	"pnp 00:05: [io  0x0067]",
	"pnp 00:05: [io  0x0070]",
	"pnp 00:05: [io  0x0080]",
	"pnp 00:05: [io  0x0092]",
	"pnp 00:05: [io  0x00b2-0x00b3]",
	"pnp 00:05: [io  0x0680-0x069f]",
	"pnp 00:05: [io  0x1000-0x100f]",
	"pnp 00:05: [io  0xffff]",
	"pnp 00:05: [io  0xffff]",
	"pnp 00:05: [io  0x0400-0x0453]",
	"pnp 00:05: [io  0x0458-0x047f]",
	"pnp 00:05: [io  0x0500-0x057f]",
	"pnp 00:05: [io  0x164e-0x164f]",
	"pnp 00:05: Plug and Play ACPI device, IDs PNP0c02 (active)",
	"pnp 00:06: [io  0x0070-0x0077]",
	"pnp 00:06: [irq 8]",
	"pnp 00:06: Plug and Play ACPI device, IDs PNP0b00 (active)",
	"pnp 00:07: [io  0x0454-0x0457]",
	"pnp 00:07: Plug and Play ACPI device, IDs INT3f0d PNP0c02 (active)",
	"pnp 00:08: [io  0x0000-0xffffffffffffffff disabled]",
	"pnp 00:08: [io  0x0a40-0x0a4f]",
	"pnp 00:08: [io  0x0a00-0x0a3f]",
	"pnp 00:08: Plug and Play ACPI device, IDs PNP0c02 (active)",
	"pnp 00:09: [io  0x0010-0x001f]",
	"pnp 00:09: [io  0x0022-0x003f]",
	"pnp 00:09: [io  0x0044-0x005f]",
	"pnp 00:09: [io  0x0062-0x0063]",
	"pnp 00:09: [io  0x0065-0x006f]",
	"pnp 00:09: [io  0x0072-0x007f]",
	"pnp 00:09: [io  0x0080]",
	"pnp 00:09: [io  0x0084-0x0086]",
	"pnp 00:09: [io  0x0088]",
	"pnp 00:09: [io  0x008c-0x008e]",
	"pnp 00:09: [io  0x0090-0x009f]",
	"pnp 00:09: [io  0x00a2-0x00bf]",
	"pnp 00:09: [io  0x00e0-0x00ef]",
	"pnp 00:09: [io  0x04d0-0x04d1]",
	"pnp 00:09: Plug and Play ACPI device, IDs PNP0c02 (active)",
	"pnp 00:0a: [io  0x00f0-0x00ff]",
	"pnp 00:0a: [irq 13]",
	"pnp 00:0a: Plug and Play ACPI device, IDs PNP0c04 (active)",
	"pnp 00:0b: [io  0x03f8-0x03ff]",
	"pnp 00:0b: [irq 4]",
	"pnp 00:0b: [dma 0 disabled]",
	"pnp 00:0b: Plug and Play ACPI device, IDs PNP0501 (active)",
	"pnp 00:0c: [mem 0xfed1c000-0xfed1ffff]",
	"pnp 00:0c: [mem 0xfed10000-0xfed17fff]",
	"pnp 00:0c: [mem 0xfed18000-0xfed18fff]",
	"pnp 00:0c: [mem 0xfed19000-0xfed19fff]",
	"pnp 00:0c: [mem 0xf8000000-0xfbffffff]",
	"pnp 00:0c: [mem 0xfed20000-0xfed3ffff]",
	"pnp 00:0c: [mem 0xfed90000-0xfed93fff]",
	"pnp 00:0c: [mem 0xfed45000-0xfed8ffff]",
	"pnp 00:0c: [mem 0xff000000-0xffffffff]",
	"pnp 00:0c: [mem 0xfee00000-0xfeefffff]",
	"pnp 00:0c: [mem 0xdfa00000-0xdfa00fff]",
	"pnp 00:0c: Plug and Play ACPI device, IDs PNP0c02 (active)",
	"pnp 00:0d: [mem 0x20000000-0x201fffff]",
	"pnp 00:0d: [mem 0x40004000-0x40004fff]",
	"pnp 00:0d: Plug and Play ACPI device, IDs PNP0c01 (active)",
	"pnp: PnP ACPI: found 14 devices",
	"ACPI: ACPI bus type pnp unregistered",
	"system 00:01: [mem 0xfed40000-0xfed44fff] has been reserved",
	"system 00:05: [io  0x0680-0x069f] has been reserved",
	"system 00:05: [io  0x1000-0x100f] has been reserved",
	"system 00:05: [io  0xffff] has been reserved",
	"system 00:05: [io  0xffff] has been reserved",
	"system 00:05: [io  0x0400-0x0453] has been reserved",
	"system 00:05: [io  0x0458-0x047f] has been reserved",
	"system 00:05: [io  0x0500-0x057f] has been reserved",
	"system 00:05: [io  0x164e-0x164f] has been reserved",
	"system 00:07: [io  0x0454-0x0457] has been reserved",
	"system 00:08: [io  0x0a40-0x0a4f] has been reserved",
	"system 00:08: [io  0x0a00-0x0a3f] has been reserved",
	"system 00:09: [io  0x04d0-0x04d1] has been reserved",
	"system 00:0c: [mem 0xfed1c000-0xfed1ffff] has been reserved",
	"system 00:0c: [mem 0xfed10000-0xfed17fff] has been reserved",
	"system 00:0c: [mem 0xfed18000-0xfed18fff] has been reserved",
	"system 00:0c: [mem 0xfed19000-0xfed19fff] has been reserved",
	"system 00:0c: [mem 0xf8000000-0xfbffffff] has been reserved",
	"system 00:0c: [mem 0xfed20000-0xfed3ffff] has been reserved",
	"system 00:0c: [mem 0xfed90000-0xfed93fff] could not be reserved",
	"system 00:0c: [mem 0xfed45000-0xfed8ffff] has been reserved",
	"system 00:0c: [mem 0xff000000-0xffffffff] has been reserved",
	"system 00:0c: [mem 0xfee00000-0xfeefffff] could not be reserved",
	"system 00:0c: [mem 0xdfa00000-0xdfa00fff] has been reserved",
	"system 00:0d: [mem 0x20000000-0x201fffff] has been reserved",
	"system 00:0d: [mem 0x40004000-0x40004fff] has been reserved",
	"pci_bus 0000:00: resource 4 [io  0x0000-0x0cf7]",
	"pci_bus 0000:00: resource 5 [io  0x0d00-0xffff]",
	"pci_bus 0000:00: resource 6 [mem 0x000a0000-0x000bffff]",
	"pci_bus 0000:00: resource 7 [mem 0x000d4000-0x000d7fff]",
	"pci_bus 0000:00: resource 8 [mem 0x000d8000-0x000dbfff]",
	"pci_bus 0000:00: resource 9 [mem 0x000dc000-0x000dffff]",
	"pci_bus 0000:00: resource 10 [mem 0x000e0000-0x000e3fff]",
	"pci_bus 0000:00: resource 11 [mem 0x000e4000-0x000e7fff]",
	"pci_bus 0000:00: resource 12 [mem 0xdfa00000-0xfeafffff]",
	"NET: Registered protocol family 2",
	"IP route cache hash table entries: 524288 (order: 10, 4194304 bytes)",
	"TCP established hash table entries: 524288 (order: 11, 8388608 bytes)",
	"TCP bind hash table entries: 65536 (order: 8, 1048576 bytes)",
	"TCP: Hash tables configured (established 524288 bind 65536)",
	"TCP reno registered",
	"NET: Registered protocol family 1",
	"RPC: Registered named UNIX socket transport module.",
	"RPC: Registered udp transport module.",
	"RPC: Registered tcp transport module.",
	"RPC: Registered tcp NFSv4.1 backchannel transport module.",
	"pci 0000:00:02.0: Boot video device",
	"pci 0000:00:14.0: power state changed by ACPI to D0",
	"pci 0000:00:14.0: power state changed by ACPI to D0",
	"  alloc irq_desc for 16 on node -1",
	"  alloc kstat_irqs on node -1",
	"alloc irq_2_iommu on node -1",
	"pci 0000:00:14.0: PCI INT A -> GSI 16 (level, low) -> IRQ 16",
	"pci 0000:00:14.0: PCI INT A disabled",
	"pci 0000:00:1a.0: PCI INT A -> GSI 16 (level, low) -> IRQ 16",
	"pci 0000:00:1a.0: PCI INT A disabled",
	"  alloc irq_desc for 23 on node -1",
	"  alloc kstat_irqs on node -1",
	"alloc irq_2_iommu on node -1",
	"pci 0000:00:1d.0: PCI INT A -> GSI 23 (level, low) -> IRQ 23",
	"pci 0000:00:1d.0: PCI INT A disabled",
	"PCI-DMA: Using software bounce buffering for IO (SWIOTLB)",
	"Placing 64MB software IO TLB between ffff880024000000 - ffff880028000000",
	"software IO TLB at phys 0x24000000 - 0x28000000",
	"futex hash table entries: 2048 (order: 5, 131072 bytes)",
	"audit: initializing netlink socket (disabled)",
	"type=2000 audit(1466060440.202:1): initialized",
	"HugeTLB registered 2 MB page size, pre-allocated 0 pages",
	"VFS: Disk quotas dquot_6.5.2",
	"Dquot-cache hash table entries: 512 (order 0, 4096 bytes)",
	"NFS: Registering the id_resolver key type",
	"nfs4filelayout_init: NFSv4 File Layout Driver Registering...",
	"msgmni has been set to 31668",
	"SESCPOS:  Registering netfilter hooks",
	"ksign: Installing public key data",
	"Loading keyring",
	"- Added public key 974CF5FC96E4E746",
	"- User ID: Red Hat, Inc. (Kernel Module GPG key)",
	"- Added public key D4A26C9CCD09BEDA",
	"- User ID: Red Hat Enterprise SCPOS Driver Update Program <secalert@redhat.com>",
	"- Added public key CB445E0DA3EA1F65",
	"- User ID: Red Hat Enterprise SCPOS Driver Update Program (key 4) <secalert@redhat.com>",
	"Block layer SCSI generic (bsg) driver version 0.4 loaded (major 249)",
	"io scheduler noop registered",
	"io scheduler anticipatory registered",
	"io scheduler deadline registered",
	"io scheduler cfq registered (default)",
	"pci_hotplug: PCI Hot Plug PCI Core version: 0.5",
	"pciehp: PCI Express Hot Plug Controller Driver version: 0.4",
	"acpiphp: ACPI Hot Plug PCI Controller Driver version: 0.5",
	"input: Power Button as /devices/LNXSYSTM:00/LNXSYBUS:00/PNP0C0C:00/input/input0",
	"ACPI: Power Button [PWRB]",
	"input: Power Button as /devices/LNXSYSTM:00/LNXPWRBN:00/input/input1",
	"ACPI: Power Button [PWRF]",
	"ACPI: acpi_idle yielding to intel_idleACPI: SSDT 00000000dafa7018 0083B (v01  PmRef  Cpu0Cst 00003001 INTL 20051117)",
	"ACPI: SSDT 00000000dafa8a98 00303 (v01  PmRef    ApIst 00003000 INTL 20051117)",
	"ACPI: SSDT 00000000dafaec18 00119 (v01  PmRef    ApCst 00003000 INTL 20051117)",
	"[Firmware Bug]: No valid trip found",
	"ACPI: Invalid active0 threshold",
	"thermal LNXTHERM:01: registered as thermal_zone0",
	"ACPI: Thermal Zone [TZ00] (28 C)",
	"thermal LNXTHERM:02: registered as thermal_zone1",
	"ACPI: Thermal Zone [TZ01] (30 C)",
	"GHES: HEST is not enabled!",
	"Non-volatile memory driver v1.3",
	"SCPOS agpgart interface v0.103",
	"crash memory driver: version 1.1",
	"Serial: 8250/16550 driver, 4 ports, IRQ sharing enabled",
	"serial8250: ttyS0 at I/O 0x3f8 (irq = 4) is a 16550A",
	"00:0b: ttyS0 at I/O 0x3f8 (irq = 4) is a 16550A",
	"brd: module loaded",
	"loop: module loaded",
	"input: Macintosh mouse button emulation as /devices/virtual/input/input2",
	"Fixed MDIO Bus: probed",
	"e1000: Intel(R) PRO/1000 Network Driver - version 7.3.21-k8-NAPI",
	"e1000: Copyright (c) 1999-2006 Intel Corporation.",
	"e1000e: Intel(R) PRO/1000 Network Driver - 3.2.5-k",
	"e1000e: Copyright(c) 1999 - 2015 Intel Corporation.",
	"  alloc irq_desc for 20 on node -1",
	"  alloc kstat_irqs on node -1",
	"alloc irq_2_iommu on node -1",
	"e1000e 0000:00:19.0: PCI INT A -> GSI 20 (level, low) -> IRQ 20",
	"e1000e 0000:00:19.0: setting latency timer to 64",
	"e1000e 0000:00:19.0: Interrupt Throttling Rate (ints/sec) set to dynamic conservative mode",
	"  alloc irq_desc for 31 on node -1",
	"  alloc kstat_irqs on node -1",
	"alloc irq_2_iommu on node -1",
	"e1000e 0000:00:19.0: irq 31 for MSI/MSI-X",
	"e1000e 0000:00:19.0: eth0: registered PHC clock",
	"e1000e 0000:00:19.0: eth0: (PCI Express:2.5GT/s:Width x1) f8:b1:56:a2:6a:bc",
	"e1000e 0000:00:19.0: eth0: Intel(R) PRO/1000 Network Connection",
	"e1000e 0000:00:19.0: eth0: MAC: 10, PHY: 11, PBA No: 1011FF-0FF",
	"ehci_hcd: USB 2.0 'Enhanced' Host Controller (EHCI) Driver",
	"ehci_hcd 0000:00:1a.0: PCI INT A -> GSI 16 (level, low) -> IRQ 16",
	"ehci_hcd 0000:00:1a.0: setting latency timer to 64",
	"ehci_hcd 0000:00:1a.0: EHCI Host Controller",
	"ehci_hcd 0000:00:1a.0: new USB bus registered, assigned bus number 1",
	"ehci_hcd 0000:00:1a.0: debug port 2",
	"ehci_hcd 0000:00:1a.0: cache line size of 64 is not supported",
	"ehci_hcd 0000:00:1a.0: irq 16, io mem 0xf7c38000",
	"ehci_hcd 0000:00:1a.0: USB 2.0 started, EHCI 1.00",
	"usb usb1: New USB device found, idVendor=1d6b, idProduct=0002",
	"usb usb1: New USB device strings: Mfr=3, Product=2, SerialNumber=1",
	"usb usb1: Product: EHCI Host Controller",
	"usb usb1: Manufacturer: SCPOS 2.6.32-32-573.18.1-nfs ehci_hcd",
	"usb usb1: SerialNumber: 0000:00:1a.0",
	"usb usb1: configuration #1 chosen from 1 choice",
	"hub 1-0:1.0: USB hub found",
	"hub 1-0:1.0: 2 ports detected",
	"ehci_hcd 0000:00:1d.0: PCI INT A -> GSI 23 (level, low) -> IRQ 23",
	"ehci_hcd 0000:00:1d.0: setting latency timer to 64",
	"ehci_hcd 0000:00:1d.0: EHCI Host Controller",
	"ehci_hcd 0000:00:1d.0: new USB bus registered, assigned bus number 2",
	"ehci_hcd 0000:00:1d.0: debug port 2",
	"ehci_hcd 0000:00:1d.0: cache line size of 64 is not supported",
	"ehci_hcd 0000:00:1d.0: irq 23, io mem 0xf7c37000",
	"ehci_hcd 0000:00:1d.0: USB 2.0 started, EHCI 1.00",
	"usb usb2: New USB device found, idVendor=1d6b, idProduct=0002",
	"usb usb2: New USB device strings: Mfr=3, Product=2, SerialNumber=1",
	"usb usb2: Product: EHCI Host Controller",
	"usb usb2: Manufacturer: SCPOS 2.6.32-32-573.18.1-nfs ehci_hcd",
	"usb usb2: SerialNumber: 0000:00:1d.0",
	"usb usb2: configuration #1 chosen from 1 choice",
	"hub 2-0:1.0: USB hub found",
	"hub 2-0:1.0: 2 ports detected",
	"ohci_hcd: USB 1.1 'Open' Host Controller (OHCI) Driver",
	"uhci_hcd: USB Universal Host Controller Interface driver",
	"PNP: No PS/2 controller found. Probing ports directly.",
	"serio: i8042 KBD port at 0x60,0x64 irq 1",
	"serio: i8042 AUX port at 0x60,0x64 irq 12",
	"mice: PS/2 mouse device common for all mice",
	"rtc_cmos 00:06: RTC can wake from S4",
	"rtc_cmos 00:06: rtc core: registered rtc_cmos as rtc0",
	"rtc0: alarms up to one month, y3k, 242 bytes nvram, hpet irqs",
	"cpuidle: using governor ladder",
	"cpuidle: using governor menu",
	"EFI Variables Facility v0.08 2004-May-17",
	"usbcore: registered new interface driver hiddev",
	"usbcore: registered new interface driver usbhid",
	"usbhid: v2.6:USB HID core driver",
	"GRE over IPv4 demultiplexor driver",
	"TCP cubic registered",
	"Initializing XFRM netlink socket",
	"NET: Registered protocol family 17",
	"registered taskstats version 1",
	"rtc_cmos 00:06: setting system clock to 2016-06-16 07:00:41 UTC (1466060441)",
	"Initalizing network drop monitor service",
	"usb 1-1: new high speed USB device number 2 using ehci_hcd",
	"usb 1-1: New USB device found, idVendor=8087, idProduct=0024",
	"usb 1-1: New USB device strings: Mfr=0, Product=0, SerialNumber=0",
	"usb 1-1: configuration #1 chosen from 1 choice",
	"hub 1-1:1.0: USB hub found",
	"hub 1-1:1.0: 6 ports detected",
	"Refined TSC clocksource calibration: 3093.015 MHz.",
	"Switching to clocksource tsc",
	"usb 2-1: new high speed USB device number 2 using ehci_hcd",
	"usb 2-1: New USB device found, idVendor=8087, idProduct=0024",
	"usb 2-1: New USB device strings: Mfr=0, Product=0, SerialNumber=0",
	"usb 2-1: configuration #1 chosen from 1 choice",
	"hub 2-1:1.0: USB hub found",
	"hub 2-1:1.0: 8 ports detected",
	"e1000e 0000:00:19.0: irq 31 for MSI/MSI-X",
	"usb 1-1.2: new full speed USB device number 3 using ehci_hcd",
	"e1000e 0000:00:19.0: irq 31 for MSI/MSI-X",
	"usb 1-1.2: New USB device found, idVendor=0557, idProduct=7000",
	"usb 1-1.2: New USB device strings: Mfr=0, Product=0, SerialNumber=0",
	"usb 1-1.2: configuration #1 chosen from 1 choice",
	"hub 1-1.2:1.0: USB hub found",
	"hub 1-1.2:1.0: 4 ports detected",
	"usb 1-1.2.1: new low speed USB device number 4 using ehci_hcd",
	"usb 1-1.2.1: New USB device found, idVendor=0557, idProduct=2223",
	"usb 1-1.2.1: New USB device strings: Mfr=1, Product=2, SerialNumber=0",
	"usb 1-1.2.1: Product: CS-74U-SW",
	"usb 1-1.2.1: Manufacturer: ATEN Advance Tech Inc.",
	"usb 1-1.2.1: configuration #1 chosen from 1 choice",
	"input: ATEN Advance Tech Inc. CS-74U-SW as /devices/pci0000:00/0000:00:1a.0/usb1/1-1/1-1.2/1-1.2.1/1-1.2.1:1.0/input/input3",
	"generic-usb 0003:0557:2223.0001: input,hidraw0: USB HID v1.00 Keyboard [ATEN Advance Tech Inc. CS-74U-SW] on usb-0000:00:1a.0-1.2.1/input0",
	"input: ATEN Advance Tech Inc. CS-74U-SW as /devices/pci0000:00/0000:00:1a.0/usb1/1-1/1-1.2/1-1.2.1/1-1.2.1:1.1/input/input4",
	"generic-usb 0003:0557:2223.0002: input,hidraw1: USB HID v1.00 Mouse [ATEN Advance Tech Inc. CS-74U-SW] on usb-0000:00:1a.0-1.2.1/input1",
	"IP-Config: Complete:",
	"     device=eth0, addr=130.153.178.197, mask=255.255.255.0, gw=130.153.178.254,",
	"     host=130.153.178.197, domain=, nis-domain=(none),",
	"     bootserver=130.153.178.221, rootserver=130.153.178.221, rootpath=",
	"Waiting 5sec before mounting root device...",
	"e1000e: eth0 NIC Link is Up 1000 Mbps Full Duplex, Flow Control: None",
	"md: Skipping autodetection of RAID arrays. (raid=autodetect will force)",
	"VFS: Mounted root (nfs filesystem) readonly on device 0:17.",
	"devtmpfs: mounted",
	"Freeing unused kernel memory: 1348k freed",
	"Write protecting the kernel read-only data: 10240k",
	"Freeing unused kernel memory: 24k freed",
	"Freeing unused kernel memory: 1332k freed",
	"udev: starting version 147",
	"xhci_hcd 0000:00:14.0: power state changed by ACPI to D0",
	"xhci_hcd 0000:00:14.0: power state changed by ACPI to D0",
	"xhci_hcd 0000:00:14.0: PCI INT A -> GSI 16 (level, low) -> IRQ 16",
	"xhci_hcd 0000:00:14.0: setting latency timer to 64",
	"xhci_hcd 0000:00:14.0: xHCI Host Controller",
	"xhci_hcd 0000:00:14.0: new USB bus registered, assigned bus number 3",
	"xhci_hcd 0000:00:14.0: cache line size of 64 is not supported",
	"  alloc irq_desc for 32 on node -1",
	"  alloc kstat_irqs on node -1",
	"alloc irq_2_iommu on node -1",
	"xhci_hcd 0000:00:14.0: irq 32 for MSI/MSI-X",
	"usb usb3: New USB device found, idVendor=1d6b, idProduct=0002",
	"usb usb3: New USB device strings: Mfr=3, Product=2, SerialNumber=1",
	"usb usb3: Product: xHCI Host Controller",
	"usb usb3: Manufacturer: SCPOS 2.6.32-32-573.18.1-nfs xhci_hcd",
	"usb usb3: SerialNumber: 0000:00:14.0",
	"usb usb3: configuration #1 chosen from 1 choice",
	"hub 3-0:1.0: USB hub found",
	"hub 3-0:1.0: 4 ports detected",
	"xhci_hcd 0000:00:14.0: xHCI Host Controller",
	"xhci_hcd 0000:00:14.0: new USB bus registered, assigned bus number 4",
	"usb usb4: config 1 interface 0 altsetting 0 endpoint 0x81 has no SuperSpeed companion descriptor",
	"usb usb4: New USB device found, idVendor=1d6b, idProduct=0003",
	"usb usb4: New USB device strings: Mfr=3, Product=2, SerialNumber=1",
	"usb usb4: Product: xHCI Host Controller",
	"usb usb4: Manufacturer: SCPOS 2.6.32-32-573.18.1-nfs xhci_hcd",
	"usb usb4: SerialNumber: 0000:00:14.0",
	"usb usb4: configuration #1 chosen from 1 choice",
	"hub 4-0:1.0: USB hub found",
	"hub 4-0:1.0: 4 ports detected",
	"[drm] Initialized drm 1.1.0 20060810",
	"i915 0000:00:02.0: PCI INT A -> GSI 16 (level, low) -> IRQ 16",
	"[drm] Memory usable by graphics device = 2048M",
	"i915 0000:00:02.0: setting latency timer to 64",
	"  alloc irq_desc for 33 on node -1",
	"  alloc kstat_irqs on node -1",
	"alloc irq_2_iommu on node -1",
	"i915 0000:00:02.0: irq 33 for MSI/MSI-X",
	"[drm] Supports vblank timestamp caching Rev 2 (21.10.2013).",
	"[drm] Driver supports precise vblank timestamp query.",
	"vgaarb: device changed decodes: PCI:0000:00:02.0,olddecodes=io+mem,decodes=io+mem:owns=io+mem",
	"ACPI: Video Device [GFX0] (multi-head: yes  rom: no  post: no)",
	"acpi device:48: registered as cooling_device8",
	"acpi device:49: registered as cooling_device9",
	"acpi device:4a: registered as cooling_device10",
	"acpi device:4b: registered as cooling_device11",
	"acpi device:4c: registered as cooling_device12",
	"acpi device:4d: registered as cooling_device13",
	"acpi device:4e: registered as cooling_device14",
	"fbcon: inteldrmfb (fb0) is primary device",
	"Console: switching to colour frame buffer device 128x48",
	"i915 0000:00:02.0: fb0: inteldrmfb frame buffer device",
	"i915 0000:00:02.0: registered panic notifier",
	"acpi device:4f: registered as cooling_device15",
	"input: Video Bus as /devices/LNXSYSTM:00/LNXSYBUS:00/PNP0A08:00/LNXVIDEO:00/input/input5",
	"[drm] Initialized i915 1.6.0 20140905 for 0000:00:02.0 on minor 0",
	"[drm:cpt_set_fifo_underrun_reporting] *ERROR* uncleared pch fifo underrun on pch transcoder A",
	"[drm:cpt_serr_int_handler] *ERROR* PCH transcoder A FIFO underrun",
	"  alloc irq_desc for 22 on node -1",
	"  alloc kstat_irqs on node -1",
	"alloc irq_2_iommu on node -1",
	"snd_hda_intel 0000:00:1b.0: PCI INT A -> GSI 22 (level, low) -> IRQ 22",
	"  alloc irq_desc for 34 on node -1",
	"  alloc kstat_irqs on node -1",
	"alloc irq_2_iommu on node -1",
	"snd_hda_intel 0000:00:1b.0: irq 34 for MSI/MSI-X",
	"snd_hda_intel 0000:00:1b.0: setting latency timer to 64",
	"ACPI Warning: SystemIO range 0x0000000000000428-0x000000000000042f conflicts with OpRegion 0x0000000000000400-0x000000000000047f (\PMIO) (20090903/utaddress-254)",
	"ACPI: If an ACPI driver is available for this device, you should use it instead of the native driver",
	"ACPI Warning: SystemIO range 0x0000000000000500-0x000000000000053f conflicts with OpRegion 0x0000000000000500-0x0000000000000563 (\GPIO) (20090903/utaddress-254)",
	"ACPI: If an ACPI driver is available for this device, you should use it instead of the native driver",
	"lpc_ich: Resource conflict(s) found affecting gpio_ich",
	"  alloc irq_desc for 18 on node -1",
	"  alloc kstat_irqs on node -1",
	"alloc irq_2_iommu on node -1",
	"i801_smbus 0000:00:1f.3: PCI INT C -> GSI 18 (level, low) -> IRQ 18",
	"ACPI Warning: SystemIO range 0x000000000000f040-0x000000000000f05f conflicts with OpRegion 0x000000000000f040-0x000000000000f04f (\_SB_.PCI0.SBUS.SMBI) (20090903/utaddress-254)",
	"ACPI: If an ACPI driver is available for this device, you should use it instead of the native driver",
	"sound hdaudioC0D0: ALC269VB: SKU not ready 0x411111f0",
	"sound hdaudioC0D0: autoconfig for ALC269VB: line_outs=1 (0x1b/0x0/0x0/0x0/0x0) type:line",
	"sound hdaudioC0D0:    speaker_outs=1 (0x14/0x0/0x0/0x0/0x0)",
	"sound hdaudioC0D0:    hp_outs=1 (0x21/0x0/0x0/0x0/0x0)",
	"sound hdaudioC0D0:    mono: mono_out=0x0",
	"sound hdaudioC0D0:    inputs:",
	"sound hdaudioC0D0:      Rear Mic=0x19",
	"sound hdaudioC0D0:      Front Mic=0x18",
	"input: HDA Intel PCH Rear Mic as /devices/pci0000:00/0000:00:1b.0/sound/card0/input6",
	"input: HDA Intel PCH Front Mic as /devices/pci0000:00/0000:00:1b.0/sound/card0/input7",
	"input: HDA Intel PCH Line Out as /devices/pci0000:00/0000:00:1b.0/sound/card0/input8",
	"input: HDA Intel PCH Front Headphone as /devices/pci0000:00/0000:00:1b.0/sound/card0/input9",
	"input: HDA Intel PCH HDMI/DP,pcm=3 as /devices/pci0000:00/0000:00:1b.0/sound/card0/input10",
	"input: HDA Intel PCH HDMI/DP,pcm=7 as /devices/pci0000:00/0000:00:1b.0/sound/card0/input11",
	"ahci 0000:00:1f.2: version 3.0",
	"  alloc irq_desc for 19 on node -1",
	"  alloc kstat_irqs on node -1",
	"alloc irq_2_iommu on node -1",
	"ahci 0000:00:1f.2: PCI INT B -> GSI 19 (level, low) -> IRQ 19",
	"  alloc irq_desc for 35 on node -1",
	"  alloc kstat_irqs on node -1",
	"alloc irq_2_iommu on node -1",
	"ahci 0000:00:1f.2: irq 35 for MSI/MSI-X",
	"ahci 0000:00:1f.2: AHCI 0001.0300 32 slots 6 ports 6 Gbps 0x1 impl SATA mode",
	"ahci 0000:00:1f.2: flags: 64bit ncq pm led clo pio slum part ems apst ",
	"ahci 0000:00:1f.2: setting latency timer to 64",
	"scsi0 : ahci",
	"scsi1 : ahci",
	"scsi2 : ahci",
	"scsi3 : ahci",
	"scsi4 : ahci",
	"scsi5 : ahci",
	"ata1: SATA max UDMA/133 irq_stat 0x00400040, connection status changed irq 35",
	"ata2: DUMMY",
	"ata3: DUMMY",
	"ata4: DUMMY",
	"ata5: DUMMY",
	"ata6: DUMMY",
	"ata1: SATA link up 6.0 Gbps (SStatus 133 SControl 300)",
	"ata1.00: ACPI cmd ef/10:06:00:00:00:00 (SET FEATURES) succeeded",
	"ata1.00: ACPI cmd f5/00:00:00:00:00:00 (SECURITY FREEZE LOCK) filtered out",
	"ata1.00: ACPI cmd b1/c1:00:00:00:00:00 (DEVICE CONFIGURATION OVERLAY) filtered out",
	"ata1.00: ACPI cmd 00/00:00:00:00:00:a0 (NOP) rejected by device (Stat=0x51 Err=0x04)",
	"ata1.00: ATA-8: WDC WD3200BEKX-75B7WT0, 01.01A01, max UDMA/133",
	"ata1.00: 625142448 sectors, multi 16: LBA48 NCQ (depth 31/32), AA",
	"ata1.00: ACPI cmd ef/10:06:00:00:00:00 (SET FEATURES) succeeded",
	"ata1.00: ACPI cmd f5/00:00:00:00:00:00 (SECURITY FREEZE LOCK) filtered out",
	"ata1.00: ACPI cmd b1/c1:00:00:00:00:00 (DEVICE CONFIGURATION OVERLAY) filtered out",
	"ata1.00: ACPI cmd 00/00:00:00:00:00:a0 (NOP) rejected by device (Stat=0x51 Err=0x04)",
	"ata1.00: configured for UDMA/133",
	"scsi 0:0:0:0: Direct-Access     ATA      WDC WD3200BEKX-7 01.0 PQ: 0 ANSI: 5",
	"dcdbas dcdbas: Dell Systems Management Base Driver (version 5.6.0-3.2)",
	"iTCO_vendor_support: vendor-support=0",
	"iTCO_wdt: Intel TCO WatchDog Timer Driver v1.07rh",
	"iTCO_wdt: Found a Panther Point TCO device (Version=2, TCOBASE=0x0460)",
	"iTCO_wdt: initialized. heartbeat=30 sec (nowayout=0)",
	"sd 0:0:0:0: [sda] 625142448 512-byte logical blocks: (320 GB/298 GiB)",
	"sd 0:0:0:0: [sda] Write Protect is off",
	"sd 0:0:0:0: [sda] Mode Sense: 00 3a 00 00",
	"sd 0:0:0:0: [sda] Write cache: enabled, read cache: enabled, doesn't support DPO or FUA",
	" sda: sda1 sda2 sda3",
	"sd 0:0:0:0: [sda] Attached SCSI disk",
	"microcode: CPU0 sig=0x306a9, pf=0x2, revision=0x17",
	"platform microcode: firmware: requesting intel-ucode/06-3a-09",
	"microcode: CPU1 sig=0x306a9, pf=0x2, revision=0x17",
	"platform microcode: firmware: requesting intel-ucode/06-3a-09",
	"microcode: CPU2 sig=0x306a9, pf=0x2, revision=0x17",
	"platform microcode: firmware: requesting intel-ucode/06-3a-09",
	"microcode: CPU3 sig=0x306a9, pf=0x2, revision=0x17",
	"platform microcode: firmware: requesting intel-ucode/06-3a-09",
	"microcode: CPU4 sig=0x306a9, pf=0x2, revision=0x17",
	"platform microcode: firmware: requesting intel-ucode/06-3a-09",
	"microcode: CPU5 sig=0x306a9, pf=0x2, revision=0x17",
	"platform microcode: firmware: requesting intel-ucode/06-3a-09",
	"microcode: CPU6 sig=0x306a9, pf=0x2, revision=0x17",
	"platform microcode: firmware: requesting intel-ucode/06-3a-09",
	"microcode: CPU7 sig=0x306a9, pf=0x2, revision=0x17",
	"platform microcode: firmware: requesting intel-ucode/06-3a-09",
	"Microcode Update Driver: v2.00 <tigran@aivazian.fsnet.co.uk>, Peter Oruba",
	"microcode: CPU0 updated to revision 0x19, date = 2013-06-13 ",
	"microcode: CPU1 updated to revision 0x19, date = 2013-06-13 ",
	"microcode: CPU2 updated to revision 0x19, date = 2013-06-13 ",
	"microcode: CPU3 updated to revision 0x19, date = 2013-06-13 ",
	"microcode: CPU4 updated to revision 0x19, date = 2013-06-13 ",
	"microcode: CPU5 updated to revision 0x19, date = 2013-06-13 ",
	"microcode: CPU6 updated to revision 0x19, date = 2013-06-13 ",
	"microcode: CPU7 updated to revision 0x19, date = 2013-06-13 ",
	"sd 0:0:0:0: Attached scsi generic sg0 type 0",
	"device-mapper: uevent: version 1.0.3",
	"device-mapper: ioctl: 4.29.0-ioctl (2014-10-28) initialised: dm-devel@redhat.com",
	"ip_tables: (C) 2000-2006 Netfilter Core Team",
	"NET: Registered protocol family 10",
	"lo: Disabled Privacy Extensions",
	"type=1305 audit(1466028059.214:2): audit_pid=1516 old=0 auid=4294967295 ses=4294967295 subj=kernel res=1",
	"eth0: no IPv6 routers present", ""];

var daemonlist = ["Welcome to <span style=\"color:#0f0;\">SCiPNet</span>",
	"Starting udev:",
	1,
	"Setting hostname wadjet.scipnet.anomalydomain:",
	1,
	"Setting up Logical Volume Management:   2 logical volume(s) in volume group \"VolGroup\" now active",
	1,
	"Checking filesystems",
	"Checking all file systems.",
	"[/sbin/fsck.ext4 (1) -- /] fsck.ext4 -a /dev/mapper/VolGroup-lv_root ",
	"/dev/mapper/VolGroup-lv_root: clean, 24770/558624 files, 263932/2230272 blocks",
	"[/sbin/fsck.ext4 (1) -- /boot] fsck.ext4 -a /dev/vda1 ",
	"/dev/vda1: clean, 38/128016 files, 49626/512000 blocks",
	1,
	"Remounting root filesystem in read-write mode:",
	1,
	"Mounting local filesystems:",
	1,
	"Enabling /etc/fstab swaps:",
	1,
	"Entering non-interactive startup",
	"Starting monitoring for VG VolGroup:   2 logical volume(s) in volume group \"VolGroup\" monitored",
	1,
	"Bringing up loopback interface:1",
	"Bringing up interface eth0:  ",
	"Determining IP information for eth0... done.",
	1,
	"Starting auditd:",
	1,
	"Starting system logger:",
	1,
	"Starting satellite-init: /usr/lib/python2.6/site-packages/satelliteinit/url_helper.py:40: UserWarning: Module backports was already imported from /usr/lib64/python2.6/site-packages/backports/__init__.pyc, but /usr/lib/python2.6/site-packages is being added to sys.path",
	"  import pkg_resources",
	"Satellite-init v. 0.7.4 running 'modules:config' at Wed, 18 June 2016 01:06:18 +0000. Up 12.59 seconds.",
	"Starting Satellite-init: /usr/lib/python2.6/site-packages/satelliteinit/url_helper.py:40: UserWarning: Module backports was already imported from /usr/lib64/python2.6/site-packages/backports/__init__.pyc, but /usr/lib/python2.6/site-packages is being added to sys.path",
	"  import pkg_resources",
	"satellite-init v. 0.7.4 running 'modules:SCP-8100-JP' at Wed, 18 September 2004 01:06:20 +0000. Up 13.85 seconds.",
	"2014-05-13 20:06:20,435 - cc_final_message.py[WARNING]: Used fallback datasource",
	"Starting cloud-init: /usr/lib/python2.6/site-packages/cloudinit/url_helper.py:40: UserWarning: Module backports was already imported from /usr/lib64/python2.6/site-packages/backports/__init__.pyc, but /usr/lib/python2.6/site-packages is being added to sys.path",
	"  import pkg_resources",
	"SCPSatellite-init v. 8.2 running 'init' at Wed, 18 June 2016 01:06:20 +0000. Up 14.69 seconds.",
	"satellite-info: ++++++++++++++++++++++++++Net device info++++++++++++++++++++++++++",
	"satellite-info: +--------+------+-------------+---------------+-------------------+",
	"satellite-info: | Device |  Up  |   Address   |      Mask     |     Hw-Address    |",
	"satellite-info: +--------+------+-------------+---------------+-------------------+",
	"satellite-info: |   lo   | True |  127.0.0.1  |   255.0.0.0   |         .         |",
	"satellite-info: |  eth0  | True | 172.16.1.16 | 255.255.255.0 | fa:16:3e:81:bb:b4 |",
	"satellite-info: +--------+------+-------------+---------------+-------------------+",
	"satellite-info: +++++++++++++++++++++++++++++++Route info+++++++++++++++++++++++++++++++",
	"satellite-info: +-------+-------------+------------+---------------+-----------+-------+",
	"satellite-info: | Route | Destination |  Gateway   |    Genmask    | Interface | Flags |",
	"satellite-info: +-------+-------------+------------+---------------+-----------+-------+",
	"satellite-info: |   0   |  172.16.1.0 |  0.0.0.0   | 255.255.255.0 |    eth0   |   U   |",
	"satellite-info: |   1   |   0.0.0.0   | 172.16.1.1 |    0.0.0.0    |    eth0   |   UG  |",
	"satellite-info: +-------+-------------+------------+---------------+-----------+-------+",
	1,
	"Mounting filesystems:",
	1,
	"Retrigger failed udev events",
	1,
	"Starting sshd:",
	1,
	"Starting postfix:",
	1,
	"Starting crond:",
	1,
	"",
	""];
var SCPaa = ["                          .MMMMMMMMMMMMMMMMMMMMMMMMM                            ",
	"                           MMMMMMMMMMMMMMMMMMMMMMMMM                            ",
	"                          .MMM                   MMM.                           ",
	"                          ~MMM                   MMM~                           ",
	"                       .NMMMMM                   MMMMMN.                        ",
	"                    .DMMMMMMM                     MMMMMMMD                      ",
	"                   MMMMMM~                          .~MMMMMM                    ",
	"                .MMMMM8               ...              .8MMMMM .                ",
	"              .MMMMM:                .MMM                .,MMMMM.               ",
	"            .~MMMM:                  .MMM                   :MMMM~.             ",
	"            MMMMM.               .MMMMMMMMMMM.               .MMMMM.            ",
	"           MMMM,             +MMMMMMMMMMMMMMMMMMM+             .MMMM            ",
	"         .MMMM            =MMMMMMMMMMMMMMMMMMMMMMMMM=           .MMMM           ",
	"         MMMM.         .~MMMMMMMMM.  .MMM    MMMMMMMMM:           MMMM          ",
	"        MMMM          .MMMMMMM.      .MMM      ..MMMMMMM           MMMM         ",
	"       MMMM.        .$MMMMMM         .MMM          MMMMMM$          MMMM        ",
	"      ,MMM.         MMMMMM           .MMM           .MMMMMM         .MMM,       ",
	"      MMMM         NMMMMM         ....MMM ....       .MMMMMM         MMMM       ",
	"     IMMM         8MMMMM.         MMMMMMMMMMM.         MMMMMD         MMM7      ",
	"     MMMM         MMMMM            MMMMMMMMM.           MMMMM         MMMM      ",
	"     MMM         MMMMM.            .MMMMMMM              MMMMM         MMM      ",
	"    ?MMM        .MMMMM               MMMMM              .MMMMM         MMM?     ",
	"    MMMM        ,MMMM.                MMM.               .MMMM.        MMMM     ",
	"    MMMM        MMMMM                 .M.                 MMMMM.       ?MMM     ",
	"    MMMD        MMMMM                                     MMMMM.       ,MMM     ",
	"    MMMD        MMMMM     .D8888888888. .O888888888D      MMMMM.       ,MMM.    ",
	"    MMMM        NMMMM.     .MMMMMMMMMZ   7MMMMMMMMM       MMMMN        OMMM     ",
	"    MMMM         MMMM.     ..MMMMMMMM.    MMMMMMMM.       MMMM         MMMM     ",
	"    MMMM        .MMMMM  . .MMMMMMMMM       MMMMMMMMM.    MMMMM         MMMM     ",
	"  MMMMM:         MMMMM  MMMMMMMMMMM.        MMMMMMMMMMM  MMMMN          MMMMM.  ",
	"MMMMM.            MMMMMMMMMM.  NMM           MMM  .MMMMMMMMMM            .MMMMM ",
	"MMMM.             DMMMMMMD.     M.           .M     .8MMMMMMD              MMMM ",
	" MMMM         ..MMMMMMMMM.                          . MMMMMMMMM.         .MMMM. ",
	" .MMMM         ,MMMM.MMMMMM                         MMMMMM MMMM8         MMMM   ",
	"   MMMM.        8Z    MMMMMMN.                    NMMMMMM.  .ZD         MMMM.   ",
	"   .MMMM.             .MMMMMMMM.               .MMMMMMMM.              $MMM     ",
	"     MMMN                MMMMMMMMMMM,.  . :MMMMMMMMMMM                NMMM      ",
	"     .MMM:                .IMMMMMMMMMMMMMMMMMMMMMMMD.                ~MMM,.     ",
	"      8MMM                   .ZMMMMMMMMMMMMMMMMMZ                    MMM8       ",
	"       DMMM.                     . .NMMMMMN, .                      MMMM        ",
	"        MMMM     :M.                                      . M,     MMMM         ",
	"         MMMM:MMMMMMM                                    .MMMMMMM:MMMM          ",
	"          MMMMMMMMMMMMM8.                             .+MMMMMMMMMMMMM.          ",
	"           MMM7   ..MMMMMM$                         $MMMMMM=.  .IMMM            ",
	"                     .MMMMMMMMM..              .MMMMMMMMM.                      ",
	"                      . .MMMMMMMMMMMMMMMMMMMMMMMMMMMMM                          ",
	"                           ..8MMMMMMMMMMMMMMMMMMM8.                             ",
	"                              . .  .  .,.    .. ",
	"                              ",
	" '########:'##::::'##:'########:::::'######:::'######::'########::::::'#######:::'######::",
	"... ##..:: ##:::: ##: ##.....:::::'##... ##:'##... ##: ##.... ##::::'##.... ##:'##... ##:",
	"::: ##:::: ##:::: ##: ##:::::::::: ##:::..:: ##:::..:: ##:::: ##:::: ##:::: ##: ##:::..::",
	"::: ##:::: #########: ######::::::. ######:: ##::::::: ########::::: ##:::: ##:. ######::",
	"::: ##:::: ##.... ##: ##...::::::::..... ##: ##::::::: ##.....:::::: ##:::: ##::..... ##:",
	"::: ##:::: ##:::: ##: ##::::::::::'##::: ##: ##::: ##: ##::::::::::: ##:::: ##:'##::: ##:",
	"::: ##:::: ##:::: ##: ########::::. ######::. ######:: ##:::::::::::. #######::. ######::",
	":::..:::::..:::::..::........::::::......::::......:::..:::::::::::::.......::::......:::",
	"                              "];

var LoginCOM = [
	0, "evrt_mann",
	2, "Password:    ", "***************",
	"Authorization Level 1 Security Clearance", "すべての操作は記録されます<br>"];
var wadjetCOM = [
	1, "mkdir /mnt/usb1",
	1, "mount -a",
	1, "/mnt/usb1/rootKithoge.sh",
	2, "Patching kernel", "....",
	2, "Patching gcc", "...........",
	2, "Patching sshd", ".....",
	"<span style=\"color:#0f0;\">∞ SCiPNet All Access Pass active! When does the black moon howl? ∞</span>"];
var rootCOM = [
	"<br>Authorization Level 4 Security Clearance", "すべての操作は記録されます<br>",
	1, "monitor  /doc/RAISA/O5/hq.info",
	2, "内部情報を表示", "....",
	"<br>[ <span style=\"color:#f00;\">WARNING</span> ]rootKithoge: Time set 20m"];
